C51 COMPILER V9.03   MYISRS                                                                05/04/2015 23:58:20 PAGE 1   


C51 COMPILER V9.03, COMPILATION OF MODULE MYISRS
OBJECT MODULE PLACED IN .\DP8051_Keil_903\Debug\MyISRs.obj
COMPILER INVOKED BY: C:\Program Files (x86)\Cypress\PSoC Creator\2.1\PSoC Creator\import\keil\pk51\9.03\C51\BIN\c51.exe 
                    -.\MyISRs.c NOIV LARGE MODDP2 OMF2 VB(1) PR(.\DP8051_Keil_903\Debug\MyISRs.lst) CD DB NOIP OT(2,SIZE) INCDIR(Generated_So
                    -urce\PSoC3) OJ(.\DP8051_Keil_903\Debug\MyISRs.obj)

line level    source

   1          /* ========================================
   2           *
   3           * Copyright YOUR COMPANY, THE YEAR
   4           * All Rights Reserved
   5           * UNPUBLISHED, LICENSED SOFTWARE.
   6           *
   7           * CONFIDENTIAL AND PROPRIETARY INFORMATION
   8           * WHICH IS THE PROPERTY OF your company.
   9           *
  10           * ========================================
  11          */
  12          /* ============*/
  13          // Constants
  14          #include <cylib.h>
  15          #include "MyISRs.h"
  16          
  17          uint8   ConversionDone =0;      //  Data ready flag
  18          
  19          //__________________________________________________________________________
  20          CY_ISR(ConvDone)                        // Interrupt-Service-Routine definition
  21          {
  22   1          ConversionDone =1;              // indicate, Data ready
  23   1          CyWdtClear();               // reset the watchdog timer
  24   1      }
  25          
  26          /* [] END OF FILE */
C51 COMPILER V9.03   MYISRS                                                                05/04/2015 23:58:20 PAGE 2   

ASSEMBLY LISTING OF GENERATED OBJECT CODE


             ; FUNCTION ConvDone (BEGIN)
0000 C0E0              PUSH    ACC
0002 C0F0              PUSH    B
0004 C083              PUSH    DPH
0006 C082              PUSH    DPL
0008 C085              PUSH    DPH1
000A C084              PUSH    DPL1
000C C086              PUSH    DPS
000E 758600            MOV     DPS,#00H
0011 C000        E     PUSH    ?C?XPAGE1SFR
0013 750000      E     MOV     ?C?XPAGE1SFR,#?C?XPAGE1RST
0016 C0D0              PUSH    PSW
0018 75D000            MOV     PSW,#00H
001B C000              PUSH    AR0
001D C001              PUSH    AR1
001F C002              PUSH    AR2
0021 C003              PUSH    AR3
0023 C004              PUSH    AR4
0025 C005              PUSH    AR5
0027 C006              PUSH    AR6
0029 C007              PUSH    AR7
                                           ; SOURCE LINE # 20
                                           ; SOURCE LINE # 22
002B 900000      R     MOV     DPTR,#ConversionDone
002E 7401              MOV     A,#01H
0030 F0                MOVX    @DPTR,A
                                           ; SOURCE LINE # 23
0031 120000      E     LCALL   CyWdtClear
                                           ; SOURCE LINE # 24
0034 D007              POP     AR7
0036 D006              POP     AR6
0038 D005              POP     AR5
003A D004              POP     AR4
003C D003              POP     AR3
003E D002              POP     AR2
0040 D001              POP     AR1
0042 D000              POP     AR0
0044 D0D0              POP     PSW
0046 D000        E     POP     ?C?XPAGE1SFR
0048 D086              POP     DPS
004A D084              POP     DPL1
004C D085              POP     DPH1
004E D082              POP     DPL
0050 D083              POP     DPH
0052 D0F0              POP     B
0054 D0E0              POP     ACC
0056 32                RETI    
             ; FUNCTION ConvDone (END)



MODULE INFORMATION:   STATIC OVERLAYABLE
   CODE SIZE        =     87    ----
   CONSTANT SIZE    =   ----    ----
   XDATA SIZE       =      1    ----
   PDATA SIZE       =   ----    ----
   DATA SIZE        =   ----    ----
   IDATA SIZE       =   ----    ----
   BIT SIZE         =   ----    ----
C51 COMPILER V9.03   MYISRS                                                                05/04/2015 23:58:20 PAGE 3   

   EDATA SIZE       =   ----    ----
   HDATA SIZE       =   ----    ----
   XDATA CONST SIZE =   ----    ----
   FAR CONST SIZE   =   ----    ----
END OF MODULE INFORMATION.


C51 COMPILATION COMPLETE.  0 WARNING(S),  0 ERROR(S)
